Archive member included to satisfy reference by file (symbol)

c:/program files (x86)/embitz/2.50/share/armgcc/bin/../lib/gcc/arm-none-eabi/9.3.1/../../../../arm-none-eabi/lib/thumb/v7e-m+fp/hard\libstdc++_nano.a(pure.o)
                              .\..\..\bin\lib\main.o (__cxa_pure_virtual)
c:/program files (x86)/embitz/2.50/share/armgcc/bin/../lib/gcc/arm-none-eabi/9.3.1/../../../../arm-none-eabi/lib/thumb/v7e-m+fp/hard\libstdc++_nano.a(eh_terminate.o)
                              c:/program files (x86)/embitz/2.50/share/armgcc/bin/../lib/gcc/arm-none-eabi/9.3.1/../../../../arm-none-eabi/lib/thumb/v7e-m+fp/hard\libstdc++_nano.a(pure.o) (std::terminate())
c:/program files (x86)/embitz/2.50/share/armgcc/bin/../lib/gcc/arm-none-eabi/9.3.1/../../../../arm-none-eabi/lib/thumb/v7e-m+fp/hard\libstdc++_nano.a(eh_unex_handler.o)
                              c:/program files (x86)/embitz/2.50/share/armgcc/bin/../lib/gcc/arm-none-eabi/9.3.1/../../../../arm-none-eabi/lib/thumb/v7e-m+fp/hard\libstdc++_nano.a(eh_terminate.o) (__cxxabiv1::__unexpected_handler)
c:/program files (x86)/embitz/2.50/share/armgcc/bin/../lib/gcc/arm-none-eabi/9.3.1/../../../../arm-none-eabi/lib/thumb/v7e-m+fp/hard\libstdc++_nano.a(eh_term_handler.o)
                              c:/program files (x86)/embitz/2.50/share/armgcc/bin/../lib/gcc/arm-none-eabi/9.3.1/../../../../arm-none-eabi/lib/thumb/v7e-m+fp/hard\libstdc++_nano.a(eh_terminate.o) (__cxxabiv1::__terminate_handler)
c:/program files (x86)/embitz/2.50/share/armgcc/bin/../lib/gcc/arm-none-eabi/9.3.1/thumb/v7e-m+fp/hard\libgcc.a(_arm_addsubdf3.o)
                              .\..\..\bin\lib\main.o (__aeabi_i2d)
c:/program files (x86)/embitz/2.50/share/armgcc/bin/../lib/gcc/arm-none-eabi/9.3.1/thumb/v7e-m+fp/hard\libgcc.a(_arm_muldivdf3.o)
                              .\..\..\bin\lib\main.o (__aeabi_ddiv)
c:/program files (x86)/embitz/2.50/share/armgcc/bin/../lib/gcc/arm-none-eabi/9.3.1/thumb/v7e-m+fp/hard\libgcc.a(_arm_truncdfsf2.o)
                              .\..\..\bin\lib\main.o (__aeabi_d2f)
c:/program files (x86)/embitz/2.50/share/armgcc/bin/../lib/gcc/arm-none-eabi/9.3.1/../../../../arm-none-eabi/lib/thumb/v7e-m+fp/hard\libc_nano.a(lib_a-abort.o)
                              c:/program files (x86)/embitz/2.50/share/armgcc/bin/../lib/gcc/arm-none-eabi/9.3.1/../../../../arm-none-eabi/lib/thumb/v7e-m+fp/hard\libstdc++_nano.a(eh_terminate.o) (abort)
c:/program files (x86)/embitz/2.50/share/armgcc/bin/../lib/gcc/arm-none-eabi/9.3.1/../../../../arm-none-eabi/lib/thumb/v7e-m+fp/hard\libc_nano.a(lib_a-signal.o)
                              c:/program files (x86)/embitz/2.50/share/armgcc/bin/../lib/gcc/arm-none-eabi/9.3.1/../../../../arm-none-eabi/lib/thumb/v7e-m+fp/hard\libc_nano.a(lib_a-abort.o) (raise)
c:/program files (x86)/embitz/2.50/share/armgcc/bin/../lib/gcc/arm-none-eabi/9.3.1/../../../../arm-none-eabi/lib/thumb/v7e-m+fp/hard\libc_nano.a(lib_a-signalr.o)
                              c:/program files (x86)/embitz/2.50/share/armgcc/bin/../lib/gcc/arm-none-eabi/9.3.1/../../../../arm-none-eabi/lib/thumb/v7e-m+fp/hard\libc_nano.a(lib_a-signal.o) (_kill_r)
c:/program files (x86)/embitz/2.50/share/armgcc/bin/../lib/gcc/arm-none-eabi/9.3.1/../../../../arm-none-eabi/lib/thumb/v7e-m+fp/hard\libc_nano.a(lib_a-impure.o)
                              c:/program files (x86)/embitz/2.50/share/armgcc/bin/../lib/gcc/arm-none-eabi/9.3.1/../../../../arm-none-eabi/lib/thumb/v7e-m+fp/hard\libc_nano.a(lib_a-signal.o) (_impure_ptr)
c:/program files (x86)/embitz/2.50/share/armgcc/bin/../lib/gcc/arm-none-eabi/9.3.1/../../../../arm-none-eabi/lib/thumb/v7e-m+fp/hard\libc_nano.a(lib_a-nano-mallocr.o)
                              c:/program files (x86)/embitz/2.50/share/armgcc/bin/../lib/gcc/arm-none-eabi/9.3.1/../../../../arm-none-eabi/lib/thumb/v7e-m+fp/hard\libc_nano.a(lib_a-signal.o) (_malloc_r)
c:/program files (x86)/embitz/2.50/share/armgcc/bin/../lib/gcc/arm-none-eabi/9.3.1/../../../../arm-none-eabi/lib/thumb/v7e-m+fp/hard\libc_nano.a(lib_a-reent.o)
                              c:/program files (x86)/embitz/2.50/share/armgcc/bin/../lib/gcc/arm-none-eabi/9.3.1/../../../../arm-none-eabi/lib/thumb/v7e-m+fp/hard\libc_nano.a(lib_a-signalr.o) (errno)
c:/program files (x86)/embitz/2.50/share/armgcc/bin/../lib/gcc/arm-none-eabi/9.3.1/../../../../arm-none-eabi/lib/thumb/v7e-m+fp/hard\libc_nano.a(lib_a-sbrkr.o)
                              c:/program files (x86)/embitz/2.50/share/armgcc/bin/../lib/gcc/arm-none-eabi/9.3.1/../../../../arm-none-eabi/lib/thumb/v7e-m+fp/hard\libc_nano.a(lib_a-nano-mallocr.o) (_sbrk_r)
c:/program files (x86)/embitz/2.50/share/armgcc/bin/../lib/gcc/arm-none-eabi/9.3.1/../../../../arm-none-eabi/lib/thumb/v7e-m+fp/hard\libc_nano.a(lib_a-mlock.o)
                              c:/program files (x86)/embitz/2.50/share/armgcc/bin/../lib/gcc/arm-none-eabi/9.3.1/../../../../arm-none-eabi/lib/thumb/v7e-m+fp/hard\libc_nano.a(lib_a-nano-mallocr.o) (__malloc_lock)
c:/program files (x86)/embitz/2.50/share/armgcc/bin/../lib/gcc/arm-none-eabi/9.3.1/../../../../arm-none-eabi/lib/thumb/v7e-m+fp/hard\libc_nano.a(lib_a-nano-freer.o)
                              c:/program files (x86)/embitz/2.50/share/armgcc/bin/../lib/gcc/arm-none-eabi/9.3.1/../../../../arm-none-eabi/lib/thumb/v7e-m+fp/hard\libc_nano.a(lib_a-reent.o) (_free_r)
c:/program files (x86)/embitz/2.50/share/armgcc/bin/../lib/gcc/arm-none-eabi/9.3.1/../../../../arm-none-eabi/lib/thumb/v7e-m+fp/hard\libc_nano.a(lib_a-lock.o)
                              c:/program files (x86)/embitz/2.50/share/armgcc/bin/../lib/gcc/arm-none-eabi/9.3.1/../../../../arm-none-eabi/lib/thumb/v7e-m+fp/hard\libc_nano.a(lib_a-mlock.o) (__retarget_lock_acquire_recursive)
c:/program files (x86)/embitz/2.50/share/armgcc/bin/../lib/gcc/arm-none-eabi/9.3.1/../../../../arm-none-eabi/lib/thumb/v7e-m+fp/hard\libnosys.a(getpid.o)
                              c:/program files (x86)/embitz/2.50/share/armgcc/bin/../lib/gcc/arm-none-eabi/9.3.1/../../../../arm-none-eabi/lib/thumb/v7e-m+fp/hard\libc_nano.a(lib_a-signalr.o) (_getpid)
c:/program files (x86)/embitz/2.50/share/armgcc/bin/../lib/gcc/arm-none-eabi/9.3.1/../../../../arm-none-eabi/lib/thumb/v7e-m+fp/hard\libnosys.a(kill.o)
                              c:/program files (x86)/embitz/2.50/share/armgcc/bin/../lib/gcc/arm-none-eabi/9.3.1/../../../../arm-none-eabi/lib/thumb/v7e-m+fp/hard\libc_nano.a(lib_a-signalr.o) (_kill)
c:/program files (x86)/embitz/2.50/share/armgcc/bin/../lib/gcc/arm-none-eabi/9.3.1/../../../../arm-none-eabi/lib/thumb/v7e-m+fp/hard\libnosys.a(sbrk.o)
                              c:/program files (x86)/embitz/2.50/share/armgcc/bin/../lib/gcc/arm-none-eabi/9.3.1/../../../../arm-none-eabi/lib/thumb/v7e-m+fp/hard\libc_nano.a(lib_a-sbrkr.o) (_sbrk)
c:/program files (x86)/embitz/2.50/share/armgcc/bin/../lib/gcc/arm-none-eabi/9.3.1/../../../../arm-none-eabi/lib/thumb/v7e-m+fp/hard\libnosys.a(_exit.o)
                              c:/program files (x86)/embitz/2.50/share/armgcc/bin/../lib/gcc/arm-none-eabi/9.3.1/../../../../arm-none-eabi/lib/thumb/v7e-m+fp/hard\libc_nano.a(lib_a-abort.o) (_exit)

Allocating common symbols
Common symbol       size              file

__lock___atexit_recursive_mutex
                    0x1               c:/program files (x86)/embitz/2.50/share/armgcc/bin/../lib/gcc/arm-none-eabi/9.3.1/../../../../arm-none-eabi/lib/thumb/v7e-m+fp/hard\libc_nano.a(lib_a-lock.o)
__lock___arc4random_mutex
                    0x1               c:/program files (x86)/embitz/2.50/share/armgcc/bin/../lib/gcc/arm-none-eabi/9.3.1/../../../../arm-none-eabi/lib/thumb/v7e-m+fp/hard\libc_nano.a(lib_a-lock.o)
errno               0x4               c:/program files (x86)/embitz/2.50/share/armgcc/bin/../lib/gcc/arm-none-eabi/9.3.1/../../../../arm-none-eabi/lib/thumb/v7e-m+fp/hard\libc_nano.a(lib_a-reent.o)
__lock___env_recursive_mutex
                    0x1               c:/program files (x86)/embitz/2.50/share/armgcc/bin/../lib/gcc/arm-none-eabi/9.3.1/../../../../arm-none-eabi/lib/thumb/v7e-m+fp/hard\libc_nano.a(lib_a-lock.o)
__lock___sinit_recursive_mutex
                    0x1               c:/program files (x86)/embitz/2.50/share/armgcc/bin/../lib/gcc/arm-none-eabi/9.3.1/../../../../arm-none-eabi/lib/thumb/v7e-m+fp/hard\libc_nano.a(lib_a-lock.o)
__lock___malloc_recursive_mutex
                    0x1               c:/program files (x86)/embitz/2.50/share/armgcc/bin/../lib/gcc/arm-none-eabi/9.3.1/../../../../arm-none-eabi/lib/thumb/v7e-m+fp/hard\libc_nano.a(lib_a-lock.o)
__lock___at_quick_exit_mutex
                    0x1               c:/program files (x86)/embitz/2.50/share/armgcc/bin/../lib/gcc/arm-none-eabi/9.3.1/../../../../arm-none-eabi/lib/thumb/v7e-m+fp/hard\libc_nano.a(lib_a-lock.o)
__lock___dd_hash_mutex
                    0x1               c:/program files (x86)/embitz/2.50/share/armgcc/bin/../lib/gcc/arm-none-eabi/9.3.1/../../../../arm-none-eabi/lib/thumb/v7e-m+fp/hard\libc_nano.a(lib_a-lock.o)
__lock___tz_mutex   0x1               c:/program files (x86)/embitz/2.50/share/armgcc/bin/../lib/gcc/arm-none-eabi/9.3.1/../../../../arm-none-eabi/lib/thumb/v7e-m+fp/hard\libc_nano.a(lib_a-lock.o)
__lock___sfp_recursive_mutex
                    0x1               c:/program files (x86)/embitz/2.50/share/armgcc/bin/../lib/gcc/arm-none-eabi/9.3.1/../../../../arm-none-eabi/lib/thumb/v7e-m+fp/hard\libc_nano.a(lib_a-lock.o)

Discarded input sections

 .group         0x00000000        0xc .\..\..\bin\lib\main.o
 .group         0x00000000        0xc .\..\..\bin\lib\main.o
 .group         0x00000000        0x8 .\..\..\bin\lib\main.o
 .group         0x00000000        0xc .\..\..\bin\lib\main.o
 .group         0x00000000        0xc .\..\..\bin\lib\main.o
 .group         0x00000000        0xc .\..\..\bin\lib\main.o
 .group         0x00000000        0xc .\..\..\bin\lib\main.o
 .group         0x00000000        0x8 .\..\..\bin\lib\main.o
 .group         0x00000000        0xc .\..\..\bin\lib\main.o
 .group         0x00000000        0xc .\..\..\bin\lib\main.o
 .group         0x00000000        0xc .\..\..\bin\lib\main.o
 .group         0x00000000        0x8 .\..\..\bin\lib\main.o
 .group         0x00000000        0xc .\..\..\bin\lib\main.o
 .group         0x00000000        0xc .\..\..\bin\lib\main.o
 .group         0x00000000        0xc .\..\..\bin\lib\main.o
 .group         0x00000000        0xc .\..\..\bin\lib\main.o
 .group         0x00000000        0xc .\..\..\bin\lib\main.o
 .group         0x00000000        0xc .\..\..\bin\lib\main.o
 .text          0x00000000        0x0 .\..\..\bin\lib\main.o
 .data          0x00000000        0x0 .\..\..\bin\lib\main.o
 .bss           0x00000000        0x0 .\..\..\bin\lib\main.o
 .text._ZN6Memory5storeEv
                0x00000000       0xc4 .\..\..\bin\lib\main.o
 .text          0x00000000        0x0 .\..\..\bin\lib\startupgcc.o
 .data          0x00000000        0x0 .\..\..\bin\lib\startupgcc.o
 .bss           0x00000000        0x0 .\..\..\bin\lib\startupgcc.o
 .text.Reset_Handler
                0x00000000        0x2 .\..\..\bin\lib\startupgcc.o
 .text.Default_Handler
                0x00000000        0x2 .\..\..\bin\lib\startupgcc.o
 .ARM.attributes
                0x00000000       0x25 .\..\..\bin\lib\startupgcc.o
 .text          0x00000000        0x0 .\..\..\bin\lib\entry.o
 .data          0x00000000        0x0 .\..\..\bin\lib\entry.o
 .bss           0x00000000        0x0 .\..\..\bin\lib\entry.o
 .text          0x00000000        0x0 c:/program files (x86)/embitz/2.50/share/armgcc/bin/../lib/gcc/arm-none-eabi/9.3.1/../../../../arm-none-eabi/lib/thumb/v7e-m+fp/hard\libstdc++_nano.a(pure.o)
 .data          0x00000000        0x0 c:/program files (x86)/embitz/2.50/share/armgcc/bin/../lib/gcc/arm-none-eabi/9.3.1/../../../../arm-none-eabi/lib/thumb/v7e-m+fp/hard\libstdc++_nano.a(pure.o)
 .bss           0x00000000        0x0 c:/program files (x86)/embitz/2.50/share/armgcc/bin/../lib/gcc/arm-none-eabi/9.3.1/../../../../arm-none-eabi/lib/thumb/v7e-m+fp/hard\libstdc++_nano.a(pure.o)
 .text.__cxa_deleted_virtual
                0x00000000        0x6 c:/program files (x86)/embitz/2.50/share/armgcc/bin/../lib/gcc/arm-none-eabi/9.3.1/../../../../arm-none-eabi/lib/thumb/v7e-m+fp/hard\libstdc++_nano.a(pure.o)
 .text          0x00000000        0x0 c:/program files (x86)/embitz/2.50/share/armgcc/bin/../lib/gcc/arm-none-eabi/9.3.1/../../../../arm-none-eabi/lib/thumb/v7e-m+fp/hard\libstdc++_nano.a(eh_terminate.o)
 .data          0x00000000        0x0 c:/program files (x86)/embitz/2.50/share/armgcc/bin/../lib/gcc/arm-none-eabi/9.3.1/../../../../arm-none-eabi/lib/thumb/v7e-m+fp/hard\libstdc++_nano.a(eh_terminate.o)
 .bss           0x00000000        0x0 c:/program files (x86)/embitz/2.50/share/armgcc/bin/../lib/gcc/arm-none-eabi/9.3.1/../../../../arm-none-eabi/lib/thumb/v7e-m+fp/hard\libstdc++_nano.a(eh_terminate.o)
 .text._ZSt13set_terminatePFvvE
                0x00000000       0x2c c:/program files (x86)/embitz/2.50/share/armgcc/bin/../lib/gcc/arm-none-eabi/9.3.1/../../../../arm-none-eabi/lib/thumb/v7e-m+fp/hard\libstdc++_nano.a(eh_terminate.o)
 .text._ZN10__cxxabiv112__unexpectedEPFvvE
                0x00000000        0x8 c:/program files (x86)/embitz/2.50/share/armgcc/bin/../lib/gcc/arm-none-eabi/9.3.1/../../../../arm-none-eabi/lib/thumb/v7e-m+fp/hard\libstdc++_nano.a(eh_terminate.o)
 .text._ZSt14set_unexpectedPFvvE
                0x00000000       0x2c c:/program files (x86)/embitz/2.50/share/armgcc/bin/../lib/gcc/arm-none-eabi/9.3.1/../../../../arm-none-eabi/lib/thumb/v7e-m+fp/hard\libstdc++_nano.a(eh_terminate.o)
 .text._ZSt14get_unexpectedv
                0x00000000       0x10 c:/program files (x86)/embitz/2.50/share/armgcc/bin/../lib/gcc/arm-none-eabi/9.3.1/../../../../arm-none-eabi/lib/thumb/v7e-m+fp/hard\libstdc++_nano.a(eh_terminate.o)
 .text._ZSt10unexpectedv
                0x00000000        0xa c:/program files (x86)/embitz/2.50/share/armgcc/bin/../lib/gcc/arm-none-eabi/9.3.1/../../../../arm-none-eabi/lib/thumb/v7e-m+fp/hard\libstdc++_nano.a(eh_terminate.o)
 .text          0x00000000        0x0 c:/program files (x86)/embitz/2.50/share/armgcc/bin/../lib/gcc/arm-none-eabi/9.3.1/../../../../arm-none-eabi/lib/thumb/v7e-m+fp/hard\libstdc++_nano.a(eh_unex_handler.o)
 .data          0x00000000        0x0 c:/program files (x86)/embitz/2.50/share/armgcc/bin/../lib/gcc/arm-none-eabi/9.3.1/../../../../arm-none-eabi/lib/thumb/v7e-m+fp/hard\libstdc++_nano.a(eh_unex_handler.o)
 .bss           0x00000000        0x0 c:/program files (x86)/embitz/2.50/share/armgcc/bin/../lib/gcc/arm-none-eabi/9.3.1/../../../../arm-none-eabi/lib/thumb/v7e-m+fp/hard\libstdc++_nano.a(eh_unex_handler.o)
 .data._ZN10__cxxabiv120__unexpected_handlerE
                0x00000000        0x4 c:/program files (x86)/embitz/2.50/share/armgcc/bin/../lib/gcc/arm-none-eabi/9.3.1/../../../../arm-none-eabi/lib/thumb/v7e-m+fp/hard\libstdc++_nano.a(eh_unex_handler.o)
 .ARM.attributes
                0x00000000       0x32 c:/program files (x86)/embitz/2.50/share/armgcc/bin/../lib/gcc/arm-none-eabi/9.3.1/../../../../arm-none-eabi/lib/thumb/v7e-m+fp/hard\libstdc++_nano.a(eh_unex_handler.o)
 .text          0x00000000        0x0 c:/program files (x86)/embitz/2.50/share/armgcc/bin/../lib/gcc/arm-none-eabi/9.3.1/../../../../arm-none-eabi/lib/thumb/v7e-m+fp/hard\libstdc++_nano.a(eh_term_handler.o)
 .data          0x00000000        0x0 c:/program files (x86)/embitz/2.50/share/armgcc/bin/../lib/gcc/arm-none-eabi/9.3.1/../../../../arm-none-eabi/lib/thumb/v7e-m+fp/hard\libstdc++_nano.a(eh_term_handler.o)
 .bss           0x00000000        0x0 c:/program files (x86)/embitz/2.50/share/armgcc/bin/../lib/gcc/arm-none-eabi/9.3.1/../../../../arm-none-eabi/lib/thumb/v7e-m+fp/hard\libstdc++_nano.a(eh_term_handler.o)
 .data          0x00000000        0x0 c:/program files (x86)/embitz/2.50/share/armgcc/bin/../lib/gcc/arm-none-eabi/9.3.1/thumb/v7e-m+fp/hard\libgcc.a(_arm_addsubdf3.o)
 .bss           0x00000000        0x0 c:/program files (x86)/embitz/2.50/share/armgcc/bin/../lib/gcc/arm-none-eabi/9.3.1/thumb/v7e-m+fp/hard\libgcc.a(_arm_addsubdf3.o)
 .data          0x00000000        0x0 c:/program files (x86)/embitz/2.50/share/armgcc/bin/../lib/gcc/arm-none-eabi/9.3.1/thumb/v7e-m+fp/hard\libgcc.a(_arm_muldivdf3.o)
 .bss           0x00000000        0x0 c:/program files (x86)/embitz/2.50/share/armgcc/bin/../lib/gcc/arm-none-eabi/9.3.1/thumb/v7e-m+fp/hard\libgcc.a(_arm_muldivdf3.o)
 .data          0x00000000        0x0 c:/program files (x86)/embitz/2.50/share/armgcc/bin/../lib/gcc/arm-none-eabi/9.3.1/thumb/v7e-m+fp/hard\libgcc.a(_arm_truncdfsf2.o)
 .bss           0x00000000        0x0 c:/program files (x86)/embitz/2.50/share/armgcc/bin/../lib/gcc/arm-none-eabi/9.3.1/thumb/v7e-m+fp/hard\libgcc.a(_arm_truncdfsf2.o)
 .text          0x00000000        0x0 c:/program files (x86)/embitz/2.50/share/armgcc/bin/../lib/gcc/arm-none-eabi/9.3.1/../../../../arm-none-eabi/lib/thumb/v7e-m+fp/hard\libc_nano.a(lib_a-abort.o)
 .data          0x00000000        0x0 c:/program files (x86)/embitz/2.50/share/armgcc/bin/../lib/gcc/arm-none-eabi/9.3.1/../../../../arm-none-eabi/lib/thumb/v7e-m+fp/hard\libc_nano.a(lib_a-abort.o)
 .bss           0x00000000        0x0 c:/program files (x86)/embitz/2.50/share/armgcc/bin/../lib/gcc/arm-none-eabi/9.3.1/../../../../arm-none-eabi/lib/thumb/v7e-m+fp/hard\libc_nano.a(lib_a-abort.o)
 .text          0x00000000        0x0 c:/program files (x86)/embitz/2.50/share/armgcc/bin/../lib/gcc/arm-none-eabi/9.3.1/../../../../arm-none-eabi/lib/thumb/v7e-m+fp/hard\libc_nano.a(lib_a-signal.o)
 .data          0x00000000        0x0 c:/program files (x86)/embitz/2.50/share/armgcc/bin/../lib/gcc/arm-none-eabi/9.3.1/../../../../arm-none-eabi/lib/thumb/v7e-m+fp/hard\libc_nano.a(lib_a-signal.o)
 .bss           0x00000000        0x0 c:/program files (x86)/embitz/2.50/share/armgcc/bin/../lib/gcc/arm-none-eabi/9.3.1/../../../../arm-none-eabi/lib/thumb/v7e-m+fp/hard\libc_nano.a(lib_a-signal.o)
 .text._init_signal_r
                0x00000000       0x28 c:/program files (x86)/embitz/2.50/share/armgcc/bin/../lib/gcc/arm-none-eabi/9.3.1/../../../../arm-none-eabi/lib/thumb/v7e-m+fp/hard\libc_nano.a(lib_a-signal.o)
 .text._signal_r
                0x00000000       0x30 c:/program files (x86)/embitz/2.50/share/armgcc/bin/../lib/gcc/arm-none-eabi/9.3.1/../../../../arm-none-eabi/lib/thumb/v7e-m+fp/hard\libc_nano.a(lib_a-signal.o)
 .text.__sigtramp_r
                0x00000000       0x48 c:/program files (x86)/embitz/2.50/share/armgcc/bin/../lib/gcc/arm-none-eabi/9.3.1/../../../../arm-none-eabi/lib/thumb/v7e-m+fp/hard\libc_nano.a(lib_a-signal.o)
 .text.signal   0x00000000       0x10 c:/program files (x86)/embitz/2.50/share/armgcc/bin/../lib/gcc/arm-none-eabi/9.3.1/../../../../arm-none-eabi/lib/thumb/v7e-m+fp/hard\libc_nano.a(lib_a-signal.o)
 .text._init_signal
                0x00000000        0xc c:/program files (x86)/embitz/2.50/share/armgcc/bin/../lib/gcc/arm-none-eabi/9.3.1/../../../../arm-none-eabi/lib/thumb/v7e-m+fp/hard\libc_nano.a(lib_a-signal.o)
 .text.__sigtramp
                0x00000000       0x10 c:/program files (x86)/embitz/2.50/share/armgcc/bin/../lib/gcc/arm-none-eabi/9.3.1/../../../../arm-none-eabi/lib/thumb/v7e-m+fp/hard\libc_nano.a(lib_a-signal.o)
 .text          0x00000000        0x0 c:/program files (x86)/embitz/2.50/share/armgcc/bin/../lib/gcc/arm-none-eabi/9.3.1/../../../../arm-none-eabi/lib/thumb/v7e-m+fp/hard\libc_nano.a(lib_a-signalr.o)
 .data          0x00000000        0x0 c:/program files (x86)/embitz/2.50/share/armgcc/bin/../lib/gcc/arm-none-eabi/9.3.1/../../../../arm-none-eabi/lib/thumb/v7e-m+fp/hard\libc_nano.a(lib_a-signalr.o)
 .bss           0x00000000        0x0 c:/program files (x86)/embitz/2.50/share/armgcc/bin/../lib/gcc/arm-none-eabi/9.3.1/../../../../arm-none-eabi/lib/thumb/v7e-m+fp/hard\libc_nano.a(lib_a-signalr.o)
 .text          0x00000000        0x0 c:/program files (x86)/embitz/2.50/share/armgcc/bin/../lib/gcc/arm-none-eabi/9.3.1/../../../../arm-none-eabi/lib/thumb/v7e-m+fp/hard\libc_nano.a(lib_a-impure.o)
 .data          0x00000000        0x0 c:/program files (x86)/embitz/2.50/share/armgcc/bin/../lib/gcc/arm-none-eabi/9.3.1/../../../../arm-none-eabi/lib/thumb/v7e-m+fp/hard\libc_nano.a(lib_a-impure.o)
 .bss           0x00000000        0x0 c:/program files (x86)/embitz/2.50/share/armgcc/bin/../lib/gcc/arm-none-eabi/9.3.1/../../../../arm-none-eabi/lib/thumb/v7e-m+fp/hard\libc_nano.a(lib_a-impure.o)
 .rodata._global_impure_ptr
                0x00000000        0x4 c:/program files (x86)/embitz/2.50/share/armgcc/bin/../lib/gcc/arm-none-eabi/9.3.1/../../../../arm-none-eabi/lib/thumb/v7e-m+fp/hard\libc_nano.a(lib_a-impure.o)
 .text          0x00000000        0x0 c:/program files (x86)/embitz/2.50/share/armgcc/bin/../lib/gcc/arm-none-eabi/9.3.1/../../../../arm-none-eabi/lib/thumb/v7e-m+fp/hard\libc_nano.a(lib_a-nano-mallocr.o)
 .data          0x00000000        0x0 c:/program files (x86)/embitz/2.50/share/armgcc/bin/../lib/gcc/arm-none-eabi/9.3.1/../../../../arm-none-eabi/lib/thumb/v7e-m+fp/hard\libc_nano.a(lib_a-nano-mallocr.o)
 .bss           0x00000000        0x0 c:/program files (x86)/embitz/2.50/share/armgcc/bin/../lib/gcc/arm-none-eabi/9.3.1/../../../../arm-none-eabi/lib/thumb/v7e-m+fp/hard\libc_nano.a(lib_a-nano-mallocr.o)
 .text._malloc_r
                0x00000000       0xb4 c:/program files (x86)/embitz/2.50/share/armgcc/bin/../lib/gcc/arm-none-eabi/9.3.1/../../../../arm-none-eabi/lib/thumb/v7e-m+fp/hard\libc_nano.a(lib_a-nano-mallocr.o)
 .bss.__malloc_free_list
                0x00000000        0x4 c:/program files (x86)/embitz/2.50/share/armgcc/bin/../lib/gcc/arm-none-eabi/9.3.1/../../../../arm-none-eabi/lib/thumb/v7e-m+fp/hard\libc_nano.a(lib_a-nano-mallocr.o)
 .bss.__malloc_sbrk_start
                0x00000000        0x4 c:/program files (x86)/embitz/2.50/share/armgcc/bin/../lib/gcc/arm-none-eabi/9.3.1/../../../../arm-none-eabi/lib/thumb/v7e-m+fp/hard\libc_nano.a(lib_a-nano-mallocr.o)
 .debug_frame   0x00000000       0x30 c:/program files (x86)/embitz/2.50/share/armgcc/bin/../lib/gcc/arm-none-eabi/9.3.1/../../../../arm-none-eabi/lib/thumb/v7e-m+fp/hard\libc_nano.a(lib_a-nano-mallocr.o)
 .ARM.attributes
                0x00000000       0x34 c:/program files (x86)/embitz/2.50/share/armgcc/bin/../lib/gcc/arm-none-eabi/9.3.1/../../../../arm-none-eabi/lib/thumb/v7e-m+fp/hard\libc_nano.a(lib_a-nano-mallocr.o)
 .text          0x00000000        0x0 c:/program files (x86)/embitz/2.50/share/armgcc/bin/../lib/gcc/arm-none-eabi/9.3.1/../../../../arm-none-eabi/lib/thumb/v7e-m+fp/hard\libc_nano.a(lib_a-reent.o)
 .data          0x00000000        0x0 c:/program files (x86)/embitz/2.50/share/armgcc/bin/../lib/gcc/arm-none-eabi/9.3.1/../../../../arm-none-eabi/lib/thumb/v7e-m+fp/hard\libc_nano.a(lib_a-reent.o)
 .bss           0x00000000        0x0 c:/program files (x86)/embitz/2.50/share/armgcc/bin/../lib/gcc/arm-none-eabi/9.3.1/../../../../arm-none-eabi/lib/thumb/v7e-m+fp/hard\libc_nano.a(lib_a-reent.o)
 .text.cleanup_glue
                0x00000000       0x1a c:/program files (x86)/embitz/2.50/share/armgcc/bin/../lib/gcc/arm-none-eabi/9.3.1/../../../../arm-none-eabi/lib/thumb/v7e-m+fp/hard\libc_nano.a(lib_a-reent.o)
 .text._reclaim_reent
                0x00000000       0xb8 c:/program files (x86)/embitz/2.50/share/armgcc/bin/../lib/gcc/arm-none-eabi/9.3.1/../../../../arm-none-eabi/lib/thumb/v7e-m+fp/hard\libc_nano.a(lib_a-reent.o)
 .text          0x00000000        0x0 c:/program files (x86)/embitz/2.50/share/armgcc/bin/../lib/gcc/arm-none-eabi/9.3.1/../../../../arm-none-eabi/lib/thumb/v7e-m+fp/hard\libc_nano.a(lib_a-sbrkr.o)
 .data          0x00000000        0x0 c:/program files (x86)/embitz/2.50/share/armgcc/bin/../lib/gcc/arm-none-eabi/9.3.1/../../../../arm-none-eabi/lib/thumb/v7e-m+fp/hard\libc_nano.a(lib_a-sbrkr.o)
 .bss           0x00000000        0x0 c:/program files (x86)/embitz/2.50/share/armgcc/bin/../lib/gcc/arm-none-eabi/9.3.1/../../../../arm-none-eabi/lib/thumb/v7e-m+fp/hard\libc_nano.a(lib_a-sbrkr.o)
 .text._sbrk_r  0x00000000       0x20 c:/program files (x86)/embitz/2.50/share/armgcc/bin/../lib/gcc/arm-none-eabi/9.3.1/../../../../arm-none-eabi/lib/thumb/v7e-m+fp/hard\libc_nano.a(lib_a-sbrkr.o)
 .debug_frame   0x00000000       0x2c c:/program files (x86)/embitz/2.50/share/armgcc/bin/../lib/gcc/arm-none-eabi/9.3.1/../../../../arm-none-eabi/lib/thumb/v7e-m+fp/hard\libc_nano.a(lib_a-sbrkr.o)
 .ARM.attributes
                0x00000000       0x34 c:/program files (x86)/embitz/2.50/share/armgcc/bin/../lib/gcc/arm-none-eabi/9.3.1/../../../../arm-none-eabi/lib/thumb/v7e-m+fp/hard\libc_nano.a(lib_a-sbrkr.o)
 .text          0x00000000        0x0 c:/program files (x86)/embitz/2.50/share/armgcc/bin/../lib/gcc/arm-none-eabi/9.3.1/../../../../arm-none-eabi/lib/thumb/v7e-m+fp/hard\libc_nano.a(lib_a-mlock.o)
 .data          0x00000000        0x0 c:/program files (x86)/embitz/2.50/share/armgcc/bin/../lib/gcc/arm-none-eabi/9.3.1/../../../../arm-none-eabi/lib/thumb/v7e-m+fp/hard\libc_nano.a(lib_a-mlock.o)
 .bss           0x00000000        0x0 c:/program files (x86)/embitz/2.50/share/armgcc/bin/../lib/gcc/arm-none-eabi/9.3.1/../../../../arm-none-eabi/lib/thumb/v7e-m+fp/hard\libc_nano.a(lib_a-mlock.o)
 .text.__malloc_lock
                0x00000000        0xc c:/program files (x86)/embitz/2.50/share/armgcc/bin/../lib/gcc/arm-none-eabi/9.3.1/../../../../arm-none-eabi/lib/thumb/v7e-m+fp/hard\libc_nano.a(lib_a-mlock.o)
 .text.__malloc_unlock
                0x00000000        0xc c:/program files (x86)/embitz/2.50/share/armgcc/bin/../lib/gcc/arm-none-eabi/9.3.1/../../../../arm-none-eabi/lib/thumb/v7e-m+fp/hard\libc_nano.a(lib_a-mlock.o)
 .debug_frame   0x00000000       0x30 c:/program files (x86)/embitz/2.50/share/armgcc/bin/../lib/gcc/arm-none-eabi/9.3.1/../../../../arm-none-eabi/lib/thumb/v7e-m+fp/hard\libc_nano.a(lib_a-mlock.o)
 .ARM.attributes
                0x00000000       0x34 c:/program files (x86)/embitz/2.50/share/armgcc/bin/../lib/gcc/arm-none-eabi/9.3.1/../../../../arm-none-eabi/lib/thumb/v7e-m+fp/hard\libc_nano.a(lib_a-mlock.o)
 .text          0x00000000        0x0 c:/program files (x86)/embitz/2.50/share/armgcc/bin/../lib/gcc/arm-none-eabi/9.3.1/../../../../arm-none-eabi/lib/thumb/v7e-m+fp/hard\libc_nano.a(lib_a-nano-freer.o)
 .data          0x00000000        0x0 c:/program files (x86)/embitz/2.50/share/armgcc/bin/../lib/gcc/arm-none-eabi/9.3.1/../../../../arm-none-eabi/lib/thumb/v7e-m+fp/hard\libc_nano.a(lib_a-nano-freer.o)
 .bss           0x00000000        0x0 c:/program files (x86)/embitz/2.50/share/armgcc/bin/../lib/gcc/arm-none-eabi/9.3.1/../../../../arm-none-eabi/lib/thumb/v7e-m+fp/hard\libc_nano.a(lib_a-nano-freer.o)
 .text._free_r  0x00000000       0xa0 c:/program files (x86)/embitz/2.50/share/armgcc/bin/../lib/gcc/arm-none-eabi/9.3.1/../../../../arm-none-eabi/lib/thumb/v7e-m+fp/hard\libc_nano.a(lib_a-nano-freer.o)
 .debug_frame   0x00000000       0x38 c:/program files (x86)/embitz/2.50/share/armgcc/bin/../lib/gcc/arm-none-eabi/9.3.1/../../../../arm-none-eabi/lib/thumb/v7e-m+fp/hard\libc_nano.a(lib_a-nano-freer.o)
 .ARM.attributes
                0x00000000       0x34 c:/program files (x86)/embitz/2.50/share/armgcc/bin/../lib/gcc/arm-none-eabi/9.3.1/../../../../arm-none-eabi/lib/thumb/v7e-m+fp/hard\libc_nano.a(lib_a-nano-freer.o)
 .text          0x00000000        0x0 c:/program files (x86)/embitz/2.50/share/armgcc/bin/../lib/gcc/arm-none-eabi/9.3.1/../../../../arm-none-eabi/lib/thumb/v7e-m+fp/hard\libc_nano.a(lib_a-lock.o)
 .data          0x00000000        0x0 c:/program files (x86)/embitz/2.50/share/armgcc/bin/../lib/gcc/arm-none-eabi/9.3.1/../../../../arm-none-eabi/lib/thumb/v7e-m+fp/hard\libc_nano.a(lib_a-lock.o)
 .bss           0x00000000        0x0 c:/program files (x86)/embitz/2.50/share/armgcc/bin/../lib/gcc/arm-none-eabi/9.3.1/../../../../arm-none-eabi/lib/thumb/v7e-m+fp/hard\libc_nano.a(lib_a-lock.o)
 .text.__retarget_lock_init
                0x00000000        0x2 c:/program files (x86)/embitz/2.50/share/armgcc/bin/../lib/gcc/arm-none-eabi/9.3.1/../../../../arm-none-eabi/lib/thumb/v7e-m+fp/hard\libc_nano.a(lib_a-lock.o)
 .text.__retarget_lock_init_recursive
                0x00000000        0x2 c:/program files (x86)/embitz/2.50/share/armgcc/bin/../lib/gcc/arm-none-eabi/9.3.1/../../../../arm-none-eabi/lib/thumb/v7e-m+fp/hard\libc_nano.a(lib_a-lock.o)
 .text.__retarget_lock_close
                0x00000000        0x2 c:/program files (x86)/embitz/2.50/share/armgcc/bin/../lib/gcc/arm-none-eabi/9.3.1/../../../../arm-none-eabi/lib/thumb/v7e-m+fp/hard\libc_nano.a(lib_a-lock.o)
 .text.__retarget_lock_close_recursive
                0x00000000        0x2 c:/program files (x86)/embitz/2.50/share/armgcc/bin/../lib/gcc/arm-none-eabi/9.3.1/../../../../arm-none-eabi/lib/thumb/v7e-m+fp/hard\libc_nano.a(lib_a-lock.o)
 .text.__retarget_lock_acquire
                0x00000000        0x2 c:/program files (x86)/embitz/2.50/share/armgcc/bin/../lib/gcc/arm-none-eabi/9.3.1/../../../../arm-none-eabi/lib/thumb/v7e-m+fp/hard\libc_nano.a(lib_a-lock.o)
 .text.__retarget_lock_acquire_recursive
                0x00000000        0x2 c:/program files (x86)/embitz/2.50/share/armgcc/bin/../lib/gcc/arm-none-eabi/9.3.1/../../../../arm-none-eabi/lib/thumb/v7e-m+fp/hard\libc_nano.a(lib_a-lock.o)
 .text.__retarget_lock_try_acquire
                0x00000000        0x4 c:/program files (x86)/embitz/2.50/share/armgcc/bin/../lib/gcc/arm-none-eabi/9.3.1/../../../../arm-none-eabi/lib/thumb/v7e-m+fp/hard\libc_nano.a(lib_a-lock.o)
 .text.__retarget_lock_try_acquire_recursive
                0x00000000        0x4 c:/program files (x86)/embitz/2.50/share/armgcc/bin/../lib/gcc/arm-none-eabi/9.3.1/../../../../arm-none-eabi/lib/thumb/v7e-m+fp/hard\libc_nano.a(lib_a-lock.o)
 .text.__retarget_lock_release
                0x00000000        0x2 c:/program files (x86)/embitz/2.50/share/armgcc/bin/../lib/gcc/arm-none-eabi/9.3.1/../../../../arm-none-eabi/lib/thumb/v7e-m+fp/hard\libc_nano.a(lib_a-lock.o)
 .text.__retarget_lock_release_recursive
                0x00000000        0x2 c:/program files (x86)/embitz/2.50/share/armgcc/bin/../lib/gcc/arm-none-eabi/9.3.1/../../../../arm-none-eabi/lib/thumb/v7e-m+fp/hard\libc_nano.a(lib_a-lock.o)
 .debug_frame   0x00000000       0xb0 c:/program files (x86)/embitz/2.50/share/armgcc/bin/../lib/gcc/arm-none-eabi/9.3.1/../../../../arm-none-eabi/lib/thumb/v7e-m+fp/hard\libc_nano.a(lib_a-lock.o)
 .ARM.attributes
                0x00000000       0x34 c:/program files (x86)/embitz/2.50/share/armgcc/bin/../lib/gcc/arm-none-eabi/9.3.1/../../../../arm-none-eabi/lib/thumb/v7e-m+fp/hard\libc_nano.a(lib_a-lock.o)
 COMMON         0x00000000        0x9 c:/program files (x86)/embitz/2.50/share/armgcc/bin/../lib/gcc/arm-none-eabi/9.3.1/../../../../arm-none-eabi/lib/thumb/v7e-m+fp/hard\libc_nano.a(lib_a-lock.o)
 .text          0x00000000        0x0 c:/program files (x86)/embitz/2.50/share/armgcc/bin/../lib/gcc/arm-none-eabi/9.3.1/../../../../arm-none-eabi/lib/thumb/v7e-m+fp/hard\libnosys.a(getpid.o)
 .data          0x00000000        0x0 c:/program files (x86)/embitz/2.50/share/armgcc/bin/../lib/gcc/arm-none-eabi/9.3.1/../../../../arm-none-eabi/lib/thumb/v7e-m+fp/hard\libnosys.a(getpid.o)
 .bss           0x00000000        0x0 c:/program files (x86)/embitz/2.50/share/armgcc/bin/../lib/gcc/arm-none-eabi/9.3.1/../../../../arm-none-eabi/lib/thumb/v7e-m+fp/hard\libnosys.a(getpid.o)
 .text          0x00000000        0x0 c:/program files (x86)/embitz/2.50/share/armgcc/bin/../lib/gcc/arm-none-eabi/9.3.1/../../../../arm-none-eabi/lib/thumb/v7e-m+fp/hard\libnosys.a(kill.o)
 .data          0x00000000        0x0 c:/program files (x86)/embitz/2.50/share/armgcc/bin/../lib/gcc/arm-none-eabi/9.3.1/../../../../arm-none-eabi/lib/thumb/v7e-m+fp/hard\libnosys.a(kill.o)
 .bss           0x00000000        0x0 c:/program files (x86)/embitz/2.50/share/armgcc/bin/../lib/gcc/arm-none-eabi/9.3.1/../../../../arm-none-eabi/lib/thumb/v7e-m+fp/hard\libnosys.a(kill.o)
 .text          0x00000000        0x0 c:/program files (x86)/embitz/2.50/share/armgcc/bin/../lib/gcc/arm-none-eabi/9.3.1/../../../../arm-none-eabi/lib/thumb/v7e-m+fp/hard\libnosys.a(sbrk.o)
 .data          0x00000000        0x0 c:/program files (x86)/embitz/2.50/share/armgcc/bin/../lib/gcc/arm-none-eabi/9.3.1/../../../../arm-none-eabi/lib/thumb/v7e-m+fp/hard\libnosys.a(sbrk.o)
 .bss           0x00000000        0x0 c:/program files (x86)/embitz/2.50/share/armgcc/bin/../lib/gcc/arm-none-eabi/9.3.1/../../../../arm-none-eabi/lib/thumb/v7e-m+fp/hard\libnosys.a(sbrk.o)
 .text._sbrk    0x00000000       0x1c c:/program files (x86)/embitz/2.50/share/armgcc/bin/../lib/gcc/arm-none-eabi/9.3.1/../../../../arm-none-eabi/lib/thumb/v7e-m+fp/hard\libnosys.a(sbrk.o)
 .bss.heap_end.5507
                0x00000000        0x4 c:/program files (x86)/embitz/2.50/share/armgcc/bin/../lib/gcc/arm-none-eabi/9.3.1/../../../../arm-none-eabi/lib/thumb/v7e-m+fp/hard\libnosys.a(sbrk.o)
 .debug_frame   0x00000000       0x20 c:/program files (x86)/embitz/2.50/share/armgcc/bin/../lib/gcc/arm-none-eabi/9.3.1/../../../../arm-none-eabi/lib/thumb/v7e-m+fp/hard\libnosys.a(sbrk.o)
 .ARM.attributes
                0x00000000       0x34 c:/program files (x86)/embitz/2.50/share/armgcc/bin/../lib/gcc/arm-none-eabi/9.3.1/../../../../arm-none-eabi/lib/thumb/v7e-m+fp/hard\libnosys.a(sbrk.o)
 .text          0x00000000        0x0 c:/program files (x86)/embitz/2.50/share/armgcc/bin/../lib/gcc/arm-none-eabi/9.3.1/../../../../arm-none-eabi/lib/thumb/v7e-m+fp/hard\libnosys.a(_exit.o)
 .data          0x00000000        0x0 c:/program files (x86)/embitz/2.50/share/armgcc/bin/../lib/gcc/arm-none-eabi/9.3.1/../../../../arm-none-eabi/lib/thumb/v7e-m+fp/hard\libnosys.a(_exit.o)
 .bss           0x00000000        0x0 c:/program files (x86)/embitz/2.50/share/armgcc/bin/../lib/gcc/arm-none-eabi/9.3.1/../../../../arm-none-eabi/lib/thumb/v7e-m+fp/hard\libnosys.a(_exit.o)

Memory Configuration

Name             Origin             Length             Attributes
ROM              0x080e0008         0x0003fc00         xr
RAM              0x10000000         0x00010000         xrw
CCRAM            0x10000000         0x00008000         xrw
*default*        0x00000000         0xffffffff

Linker script and memory map

                0x00000400                __HEAP_SIZE = 0x400
                0x00000400                __STACK_SIZE = 0x400

.text           0x080e0008     0x1010
 *(.isr_vector)
 *(.text*)
 .text._ZN15ApplicationBaseC2Ev
                0x080e0008       0x30 .\..\..\bin\lib\main.o
                0x080e0008                ApplicationBase::ApplicationBase()
                0x080e0008                ApplicationBase::ApplicationBase()
 .text._ZN6Memory4ItemC2Em
                0x080e0038       0x22 .\..\..\bin\lib\main.o
                0x080e0038                Memory::Item::Item(unsigned long)
                0x080e0038                Memory::Item::Item(unsigned long)
 .text._ZN6Memory4ItemcviEv
                0x080e005a       0x18 .\..\..\bin\lib\main.o
                0x080e005a                Memory::Item::operator int()
 *fill*         0x080e0072        0x2 
 .text._ZN6Memory5cleanEv
                0x080e0074       0x18 .\..\..\bin\lib\main.o
                0x080e0074                Memory::clean()
 .text._ZN6Memory7addItemEPNS_4ItemEm
                0x080e008c       0x84 .\..\..\bin\lib\main.o
                0x080e008c                Memory::addItem(Memory::Item*, unsigned long)
 .text._ZN6SensorC2ENS_10SensorPortEht
                0x080e0110       0x80 .\..\..\bin\lib\main.o
                0x080e0110                Sensor::Sensor(Sensor::SensorPort, unsigned char, unsigned short)
                0x080e0110                Sensor::Sensor(Sensor::SensorPort, unsigned char, unsigned short)
 .text._ZN9Nxt_LightC2EN6Sensor10SensorPortENS_4ModeE
                0x080e0190       0x3c .\..\..\bin\lib\main.o
                0x080e0190                Nxt_Light::Nxt_Light(Sensor::SensorPort, Nxt_Light::Mode)
                0x080e0190                Nxt_Light::Nxt_Light(Sensor::SensorPort, Nxt_Light::Mode)
 .text._ZN9Nxt_Light4initENS_4ModeE
                0x080e01cc       0xd0 .\..\..\bin\lib\main.o
                0x080e01cc                Nxt_Light::init(Nxt_Light::Mode)
 .text._ZN9Nxt_Light3getEv
                0x080e029c       0x5a .\..\..\bin\lib\main.o
                0x080e029c                Nxt_Light::get()
 *fill*         0x080e02f6        0x2 
 .text._ZN9Nxt_Light15setCallibrationEii
                0x080e02f8       0x54 .\..\..\bin\lib\main.o
                0x080e02f8                Nxt_Light::setCallibration(int, int)
 .text._ZN7MonitorC2Ev
                0x080e034c       0x28 .\..\..\bin\lib\main.o
                0x080e034c                Monitor::Monitor()
                0x080e034c                Monitor::Monitor()
 .text._ZN7Monitor5clearEv
                0x080e0374       0x44 .\..\..\bin\lib\main.o
                0x080e0374                Monitor::clear()
 .text._ZN7Monitor5printEhPKcz
                0x080e03b8       0x48 .\..\..\bin\lib\main.o
                0x080e03b8                Monitor::print(unsigned char, char const*, ...)
 .text._ZN11ApplicationC2Ev
                0x080e0400       0x24 .\..\..\bin\lib\main.o
                0x080e0400                Application::Application()
                0x080e0400                Application::Application()
 .text._ZN11Application3runEh
                0x080e0424      0x224 .\..\..\bin\lib\main.o
                0x080e0424                Application::run(unsigned char)
 .text._Z4MainhR8ORBlocal
                0x080e0648       0x3c .\..\..\bin\lib\main.o
                0x080e0648                Main(unsigned char, ORBlocal&)
 .text._Z3foohR8ORBlocal
                0x080e0684       0x28 .\..\..\bin\lib\entry.o
                0x080e0684                foo(unsigned char, ORBlocal&)
 .text.__cxa_pure_virtual
                0x080e06ac        0x6 c:/program files (x86)/embitz/2.50/share/armgcc/bin/../lib/gcc/arm-none-eabi/9.3.1/../../../../arm-none-eabi/lib/thumb/v7e-m+fp/hard\libstdc++_nano.a(pure.o)
                0x080e06ac                __cxa_pure_virtual
 .text._ZN10__cxxabiv111__terminateEPFvvE
                0x080e06b2        0x8 c:/program files (x86)/embitz/2.50/share/armgcc/bin/../lib/gcc/arm-none-eabi/9.3.1/../../../../arm-none-eabi/lib/thumb/v7e-m+fp/hard\libstdc++_nano.a(eh_terminate.o)
                0x080e06b2                __cxxabiv1::__terminate(void (*)())
 *fill*         0x080e06ba        0x2 
 .text._ZSt13get_terminatev
                0x080e06bc       0x10 c:/program files (x86)/embitz/2.50/share/armgcc/bin/../lib/gcc/arm-none-eabi/9.3.1/../../../../arm-none-eabi/lib/thumb/v7e-m+fp/hard\libstdc++_nano.a(eh_terminate.o)
                0x080e06bc                std::get_terminate()
 .text._ZSt9terminatev
                0x080e06cc        0xa c:/program files (x86)/embitz/2.50/share/armgcc/bin/../lib/gcc/arm-none-eabi/9.3.1/../../../../arm-none-eabi/lib/thumb/v7e-m+fp/hard\libstdc++_nano.a(eh_terminate.o)
                0x080e06cc                std::terminate()
 *fill*         0x080e06d6        0x2 
 .text          0x080e06d8      0x378 c:/program files (x86)/embitz/2.50/share/armgcc/bin/../lib/gcc/arm-none-eabi/9.3.1/thumb/v7e-m+fp/hard\libgcc.a(_arm_addsubdf3.o)
                0x080e06d8                __aeabi_drsub
                0x080e06e0                __aeabi_dsub
                0x080e06e0                __subdf3
                0x080e06e4                __aeabi_dadd
                0x080e06e4                __adddf3
                0x080e095c                __floatunsidf
                0x080e095c                __aeabi_ui2d
                0x080e097c                __floatsidf
                0x080e097c                __aeabi_i2d
                0x080e09a0                __aeabi_f2d
                0x080e09a0                __extendsfdf2
                0x080e09e4                __floatundidf
                0x080e09e4                __aeabi_ul2d
                0x080e09f4                __floatdidf
                0x080e09f4                __aeabi_l2d
 .text          0x080e0a50      0x424 c:/program files (x86)/embitz/2.50/share/armgcc/bin/../lib/gcc/arm-none-eabi/9.3.1/thumb/v7e-m+fp/hard\libgcc.a(_arm_muldivdf3.o)
                0x080e0a50                __aeabi_dmul
                0x080e0a50                __muldf3
                0x080e0ca4                __divdf3
                0x080e0ca4                __aeabi_ddiv
 .text          0x080e0e74       0xa0 c:/program files (x86)/embitz/2.50/share/armgcc/bin/../lib/gcc/arm-none-eabi/9.3.1/thumb/v7e-m+fp/hard\libgcc.a(_arm_truncdfsf2.o)
                0x080e0e74                __truncdfsf2
                0x080e0e74                __aeabi_d2f
 .text.abort    0x080e0f14        0xe c:/program files (x86)/embitz/2.50/share/armgcc/bin/../lib/gcc/arm-none-eabi/9.3.1/../../../../arm-none-eabi/lib/thumb/v7e-m+fp/hard\libc_nano.a(lib_a-abort.o)
                0x080e0f14                abort
 .text._raise_r
                0x080e0f22       0x50 c:/program files (x86)/embitz/2.50/share/armgcc/bin/../lib/gcc/arm-none-eabi/9.3.1/../../../../arm-none-eabi/lib/thumb/v7e-m+fp/hard\libc_nano.a(lib_a-signal.o)
                0x080e0f22                _raise_r
 *fill*         0x080e0f72        0x2 
 .text.raise    0x080e0f74       0x10 c:/program files (x86)/embitz/2.50/share/armgcc/bin/../lib/gcc/arm-none-eabi/9.3.1/../../../../arm-none-eabi/lib/thumb/v7e-m+fp/hard\libc_nano.a(lib_a-signal.o)
                0x080e0f74                raise
 .text._kill_r  0x080e0f84       0x24 c:/program files (x86)/embitz/2.50/share/armgcc/bin/../lib/gcc/arm-none-eabi/9.3.1/../../../../arm-none-eabi/lib/thumb/v7e-m+fp/hard\libc_nano.a(lib_a-signalr.o)
                0x080e0f84                _kill_r
 .text._getpid_r
                0x080e0fa8        0x4 c:/program files (x86)/embitz/2.50/share/armgcc/bin/../lib/gcc/arm-none-eabi/9.3.1/../../../../arm-none-eabi/lib/thumb/v7e-m+fp/hard\libc_nano.a(lib_a-signalr.o)
                0x080e0fa8                _getpid_r
 .text._getpid  0x080e0fac       0x10 c:/program files (x86)/embitz/2.50/share/armgcc/bin/../lib/gcc/arm-none-eabi/9.3.1/../../../../arm-none-eabi/lib/thumb/v7e-m+fp/hard\libnosys.a(getpid.o)
                0x080e0fac                _getpid
 .text._kill    0x080e0fbc       0x10 c:/program files (x86)/embitz/2.50/share/armgcc/bin/../lib/gcc/arm-none-eabi/9.3.1/../../../../arm-none-eabi/lib/thumb/v7e-m+fp/hard\libnosys.a(kill.o)
                0x080e0fbc                _kill
 .text._exit    0x080e0fcc        0x4 c:/program files (x86)/embitz/2.50/share/armgcc/bin/../lib/gcc/arm-none-eabi/9.3.1/../../../../arm-none-eabi/lib/thumb/v7e-m+fp/hard\libnosys.a(_exit.o)
                0x080e0fcc                _exit
 *(.init)
 *(.fini)
 *crtbegin.o(.ctors)
 *crtbegin?.o(.ctors)
 *(EXCLUDE_FILE(*crtend.o *crtend?.o) .ctors)
 *(SORT_BY_NAME(.ctors.*))
 *(.ctors)
 *crtbegin.o(.dtors)
 *crtbegin?.o(.dtors)
 *(EXCLUDE_FILE(*crtend.o *crtend?.o) .dtors)
 *(SORT_BY_NAME(.dtors.*))
 *(.dtors)
 *(.rodata*)
 .rodata        0x080e0fd0       0x12 .\..\..\bin\lib\main.o
 *fill*         0x080e0fe2        0x2 
 .rodata._ZTV11Application
                0x080e0fe4        0xc .\..\..\bin\lib\main.o
                0x080e0fe4                vtable for Application
 .rodata._ZTV9Nxt_Light
                0x080e0ff0       0x10 .\..\..\bin\lib\main.o
                0x080e0ff0                vtable for Nxt_Light
 .rodata._ZTV6Sensor
                0x080e1000        0xc .\..\..\bin\lib\main.o
                0x080e1000                vtable for Sensor
 .rodata._ZTV15ApplicationBase
                0x080e100c        0xc .\..\..\bin\lib\main.o
                0x080e100c                vtable for ApplicationBase
 *(.eh_frame*)

.glue_7         0x080e1018        0x0
 .glue_7        0x080e1018        0x0 linker stubs

.glue_7t        0x080e1018        0x0
 .glue_7t       0x080e1018        0x0 linker stubs

.vfp11_veneer   0x080e1018        0x0
 .vfp11_veneer  0x080e1018        0x0 linker stubs

.v4_bx          0x080e1018        0x0
 .v4_bx         0x080e1018        0x0 linker stubs

.iplt           0x080e1018        0x0
 .iplt          0x080e1018        0x0 .\..\..\bin\lib\main.o

.ARM.extab
 *(.ARM.extab* .gnu.linkonce.armextab.*)
                0x080e1018                __exidx_start = .

.ARM.exidx
 *(.ARM.exidx* .gnu.linkonce.armexidx.*)
                0x080e1018                __exidx_end = .
                0x080e1018                __etext = .

.data           0x10000000       0x68 load address 0x080e1018
                0x10000000                __data_start__ = .
 *(vtable)
 *(.data*)
 .data._ZN10__cxxabiv119__terminate_handlerE
                0x10000000        0x4 c:/program files (x86)/embitz/2.50/share/armgcc/bin/../lib/gcc/arm-none-eabi/9.3.1/../../../../arm-none-eabi/lib/thumb/v7e-m+fp/hard\libstdc++_nano.a(eh_term_handler.o)
                0x10000000                __cxxabiv1::__terminate_handler
 .data._impure_ptr
                0x10000004        0x4 c:/program files (x86)/embitz/2.50/share/armgcc/bin/../lib/gcc/arm-none-eabi/9.3.1/../../../../arm-none-eabi/lib/thumb/v7e-m+fp/hard\libc_nano.a(lib_a-impure.o)
                0x10000004                _impure_ptr
 .data.impure_data
                0x10000008       0x60 c:/program files (x86)/embitz/2.50/share/armgcc/bin/../lib/gcc/arm-none-eabi/9.3.1/../../../../arm-none-eabi/lib/thumb/v7e-m+fp/hard\libc_nano.a(lib_a-impure.o)
                0x10000068                . = ALIGN (0x4)
                [!provide]                PROVIDE (__preinit_array_start = .)
 *(.preinit_array)
                [!provide]                PROVIDE (__preinit_array_end = .)
                0x10000068                . = ALIGN (0x4)
                [!provide]                PROVIDE (__init_array_start = .)
 *(SORT_BY_NAME(.init_array.*))
 *(.init_array)
                [!provide]                PROVIDE (__init_array_end = .)
                0x10000068                . = ALIGN (0x4)
                [!provide]                PROVIDE (__fini_array_start = .)
 *(SORT_BY_NAME(.fini_array.*))
 *(.fini_array)
                [!provide]                PROVIDE (__fini_array_end = .)
                0x10000068                . = ALIGN (0x4)
                0x10000068                __data_end__ = .

.igot.plt       0x10000068        0x0 load address 0x080e1080
 .igot.plt      0x10000068        0x0 .\..\..\bin\lib\main.o

.bss            0x10000068        0xc load address 0x080e1080
                0x10000068                __bss_start__ = .
 *(.bss*)
 .bss._ZL6orbPtr
                0x10000068        0x4 .\..\..\bin\lib\main.o
 .bss._ZN6Memory5firstE
                0x1000006c        0x4 .\..\..\bin\lib\main.o
                0x1000006c                Memory::first
 *(COMMON)
 COMMON         0x10000070        0x4 c:/program files (x86)/embitz/2.50/share/armgcc/bin/../lib/gcc/arm-none-eabi/9.3.1/../../../../arm-none-eabi/lib/thumb/v7e-m+fp/hard\libc_nano.a(lib_a-reent.o)
                0x10000070                errno
                0x10000074                __bss_end__ = .

.heap           0x10000074        0x0
                0x10000074                __end__ = .
                0x10000074                end = __end__
 *(.heap*)
                0x10000074                __HeapLimit = .

.stack_dummy    0x10000074        0x0
 *(.stack)
                0x10010000                __StackTop = (ORIGIN (RAM) + LENGTH (RAM))
                0x10010000                __StackLimit = (__StackTop - SIZEOF (.stack_dummy))
                [!provide]                PROVIDE (__stack = __StackTop)
                0x00000001                ASSERT ((__StackLimit >= __HeapLimit), region RAM overflowed with stack)

.flagSegment    0x080e0000        0x1
 *(.flagSection)
 .flagSection   0x080e0000        0x1 .\..\..\bin\lib\entry.o

.rel.dyn        0x080e1018        0x0
 .rel.iplt      0x080e1018        0x0 .\..\..\bin\lib\main.o

.startAppSegment
                0x080e0004        0x4
 *(.startAppSection)
 .startAppSection
                0x080e0004        0x4 .\..\..\bin\lib\entry.o
                0x080e0004                x2
LOAD .\..\..\bin\lib\main.o
LOAD .\..\..\bin\lib\startupgcc.o
LOAD .\..\..\bin\lib\entry.o
LOAD c:/program files (x86)/embitz/2.50/share/armgcc/bin/../lib/gcc/arm-none-eabi/9.3.1/../../../../arm-none-eabi/lib/thumb/v7e-m+fp/hard\libstdc++_nano.a
LOAD c:/program files (x86)/embitz/2.50/share/armgcc/bin/../lib/gcc/arm-none-eabi/9.3.1/../../../../arm-none-eabi/lib/thumb/v7e-m+fp/hard\libm.a
START GROUP
LOAD c:/program files (x86)/embitz/2.50/share/armgcc/bin/../lib/gcc/arm-none-eabi/9.3.1/thumb/v7e-m+fp/hard\libgcc.a
LOAD c:/program files (x86)/embitz/2.50/share/armgcc/bin/../lib/gcc/arm-none-eabi/9.3.1/../../../../arm-none-eabi/lib/thumb/v7e-m+fp/hard\libc_nano.a
END GROUP
START GROUP
LOAD c:/program files (x86)/embitz/2.50/share/armgcc/bin/../lib/gcc/arm-none-eabi/9.3.1/thumb/v7e-m+fp/hard\libgcc.a
LOAD c:/program files (x86)/embitz/2.50/share/armgcc/bin/../lib/gcc/arm-none-eabi/9.3.1/../../../../arm-none-eabi/lib/thumb/v7e-m+fp/hard\libc_nano.a
LOAD c:/program files (x86)/embitz/2.50/share/armgcc/bin/../lib/gcc/arm-none-eabi/9.3.1/../../../../arm-none-eabi/lib/thumb/v7e-m+fp/hard\libnosys.a
END GROUP
START GROUP
LOAD c:/program files (x86)/embitz/2.50/share/armgcc/bin/../lib/gcc/arm-none-eabi/9.3.1/thumb/v7e-m+fp/hard\libgcc.a
LOAD c:/program files (x86)/embitz/2.50/share/armgcc/bin/../lib/gcc/arm-none-eabi/9.3.1/../../../../arm-none-eabi/lib/thumb/v7e-m+fp/hard\libc_nano.a
LOAD c:/program files (x86)/embitz/2.50/share/armgcc/bin/../lib/gcc/arm-none-eabi/9.3.1/../../../../arm-none-eabi/lib/thumb/v7e-m+fp/hard\libnosys.a
END GROUP
OUTPUT(.\..\..\Bin\main.elf elf32-littlearm)
LOAD linker stubs

.comment        0x00000000       0x4c
 .comment       0x00000000       0x4c .\..\..\bin\lib\main.o
                                 0x4d (size before relaxing)
 .comment       0x0000004c       0x4d .\..\..\bin\lib\entry.o

.ARM.attributes
                0x00000000       0x32
 .ARM.attributes
                0x00000000       0x34 .\..\..\bin\lib\main.o
 .ARM.attributes
                0x00000034       0x34 .\..\..\bin\lib\entry.o
 .ARM.attributes
                0x00000068       0x34 c:/program files (x86)/embitz/2.50/share/armgcc/bin/../lib/gcc/arm-none-eabi/9.3.1/../../../../arm-none-eabi/lib/thumb/v7e-m+fp/hard\libstdc++_nano.a(pure.o)
 .ARM.attributes
                0x0000009c       0x34 c:/program files (x86)/embitz/2.50/share/armgcc/bin/../lib/gcc/arm-none-eabi/9.3.1/../../../../arm-none-eabi/lib/thumb/v7e-m+fp/hard\libstdc++_nano.a(eh_terminate.o)
 .ARM.attributes
                0x000000d0       0x32 c:/program files (x86)/embitz/2.50/share/armgcc/bin/../lib/gcc/arm-none-eabi/9.3.1/../../../../arm-none-eabi/lib/thumb/v7e-m+fp/hard\libstdc++_nano.a(eh_term_handler.o)
 .ARM.attributes
                0x00000102       0x1e c:/program files (x86)/embitz/2.50/share/armgcc/bin/../lib/gcc/arm-none-eabi/9.3.1/thumb/v7e-m+fp/hard\libgcc.a(_arm_addsubdf3.o)
 .ARM.attributes
                0x00000120       0x1e c:/program files (x86)/embitz/2.50/share/armgcc/bin/../lib/gcc/arm-none-eabi/9.3.1/thumb/v7e-m+fp/hard\libgcc.a(_arm_muldivdf3.o)
 .ARM.attributes
                0x0000013e       0x1e c:/program files (x86)/embitz/2.50/share/armgcc/bin/../lib/gcc/arm-none-eabi/9.3.1/thumb/v7e-m+fp/hard\libgcc.a(_arm_truncdfsf2.o)
 .ARM.attributes
                0x0000015c       0x34 c:/program files (x86)/embitz/2.50/share/armgcc/bin/../lib/gcc/arm-none-eabi/9.3.1/../../../../arm-none-eabi/lib/thumb/v7e-m+fp/hard\libc_nano.a(lib_a-abort.o)
 .ARM.attributes
                0x00000190       0x34 c:/program files (x86)/embitz/2.50/share/armgcc/bin/../lib/gcc/arm-none-eabi/9.3.1/../../../../arm-none-eabi/lib/thumb/v7e-m+fp/hard\libc_nano.a(lib_a-signal.o)
 .ARM.attributes
                0x000001c4       0x34 c:/program files (x86)/embitz/2.50/share/armgcc/bin/../lib/gcc/arm-none-eabi/9.3.1/../../../../arm-none-eabi/lib/thumb/v7e-m+fp/hard\libc_nano.a(lib_a-signalr.o)
 .ARM.attributes
                0x000001f8       0x32 c:/program files (x86)/embitz/2.50/share/armgcc/bin/../lib/gcc/arm-none-eabi/9.3.1/../../../../arm-none-eabi/lib/thumb/v7e-m+fp/hard\libc_nano.a(lib_a-impure.o)
 .ARM.attributes
                0x0000022a       0x34 c:/program files (x86)/embitz/2.50/share/armgcc/bin/../lib/gcc/arm-none-eabi/9.3.1/../../../../arm-none-eabi/lib/thumb/v7e-m+fp/hard\libc_nano.a(lib_a-reent.o)
 .ARM.attributes
                0x0000025e       0x34 c:/program files (x86)/embitz/2.50/share/armgcc/bin/../lib/gcc/arm-none-eabi/9.3.1/../../../../arm-none-eabi/lib/thumb/v7e-m+fp/hard\libnosys.a(getpid.o)
 .ARM.attributes
                0x00000292       0x34 c:/program files (x86)/embitz/2.50/share/armgcc/bin/../lib/gcc/arm-none-eabi/9.3.1/../../../../arm-none-eabi/lib/thumb/v7e-m+fp/hard\libnosys.a(kill.o)
 .ARM.attributes
                0x000002c6       0x34 c:/program files (x86)/embitz/2.50/share/armgcc/bin/../lib/gcc/arm-none-eabi/9.3.1/../../../../arm-none-eabi/lib/thumb/v7e-m+fp/hard\libnosys.a(_exit.o)

.debug_frame    0x00000000      0x3fc
 .debug_frame   0x00000000       0x40 c:/program files (x86)/embitz/2.50/share/armgcc/bin/../lib/gcc/arm-none-eabi/9.3.1/../../../../arm-none-eabi/lib/thumb/v7e-m+fp/hard\libstdc++_nano.a(pure.o)
 .debug_frame   0x00000040       0xb0 c:/program files (x86)/embitz/2.50/share/armgcc/bin/../lib/gcc/arm-none-eabi/9.3.1/../../../../arm-none-eabi/lib/thumb/v7e-m+fp/hard\libstdc++_nano.a(eh_terminate.o)
 .debug_frame   0x000000f0       0xac c:/program files (x86)/embitz/2.50/share/armgcc/bin/../lib/gcc/arm-none-eabi/9.3.1/thumb/v7e-m+fp/hard\libgcc.a(_arm_addsubdf3.o)
 .debug_frame   0x0000019c       0x50 c:/program files (x86)/embitz/2.50/share/armgcc/bin/../lib/gcc/arm-none-eabi/9.3.1/thumb/v7e-m+fp/hard\libgcc.a(_arm_muldivdf3.o)
 .debug_frame   0x000001ec       0x24 c:/program files (x86)/embitz/2.50/share/armgcc/bin/../lib/gcc/arm-none-eabi/9.3.1/thumb/v7e-m+fp/hard\libgcc.a(_arm_truncdfsf2.o)
 .debug_frame   0x00000210       0x28 c:/program files (x86)/embitz/2.50/share/armgcc/bin/../lib/gcc/arm-none-eabi/9.3.1/../../../../arm-none-eabi/lib/thumb/v7e-m+fp/hard\libc_nano.a(lib_a-abort.o)
 .debug_frame   0x00000238       0xcc c:/program files (x86)/embitz/2.50/share/armgcc/bin/../lib/gcc/arm-none-eabi/9.3.1/../../../../arm-none-eabi/lib/thumb/v7e-m+fp/hard\libc_nano.a(lib_a-signal.o)
 .debug_frame   0x00000304       0x3c c:/program files (x86)/embitz/2.50/share/armgcc/bin/../lib/gcc/arm-none-eabi/9.3.1/../../../../arm-none-eabi/lib/thumb/v7e-m+fp/hard\libc_nano.a(lib_a-signalr.o)
 .debug_frame   0x00000340       0x5c c:/program files (x86)/embitz/2.50/share/armgcc/bin/../lib/gcc/arm-none-eabi/9.3.1/../../../../arm-none-eabi/lib/thumb/v7e-m+fp/hard\libc_nano.a(lib_a-reent.o)
 .debug_frame   0x0000039c       0x20 c:/program files (x86)/embitz/2.50/share/armgcc/bin/../lib/gcc/arm-none-eabi/9.3.1/../../../../arm-none-eabi/lib/thumb/v7e-m+fp/hard\libnosys.a(getpid.o)
 .debug_frame   0x000003bc       0x20 c:/program files (x86)/embitz/2.50/share/armgcc/bin/../lib/gcc/arm-none-eabi/9.3.1/../../../../arm-none-eabi/lib/thumb/v7e-m+fp/hard\libnosys.a(kill.o)
 .debug_frame   0x000003dc       0x20 c:/program files (x86)/embitz/2.50/share/armgcc/bin/../lib/gcc/arm-none-eabi/9.3.1/../../../../arm-none-eabi/lib/thumb/v7e-m+fp/hard\libnosys.a(_exit.o)

.stab           0x00000000       0x3c
 .stab          0x00000000       0x24 c:/program files (x86)/embitz/2.50/share/armgcc/bin/../lib/gcc/arm-none-eabi/9.3.1/../../../../arm-none-eabi/lib/thumb/v7e-m+fp/hard\libnosys.a(getpid.o)
 .stab          0x00000024       0x18 c:/program files (x86)/embitz/2.50/share/armgcc/bin/../lib/gcc/arm-none-eabi/9.3.1/../../../../arm-none-eabi/lib/thumb/v7e-m+fp/hard\libnosys.a(kill.o)
                                 0x24 (size before relaxing)

.stabstr        0x00000000       0x76
 .stabstr       0x00000000       0x76 c:/program files (x86)/embitz/2.50/share/armgcc/bin/../lib/gcc/arm-none-eabi/9.3.1/../../../../arm-none-eabi/lib/thumb/v7e-m+fp/hard\libnosys.a(getpid.o)
